// Jest Snapshot v1, https://goo.gl/fbAQLP

exports[`system - cpu usage 1`] = `
Object {
  "all": Object {
    "hardwareInterrupts": 0,
    "idle": 56.31666666666667,
    "ioWait": 30.954166666666662,
    "nice": 4,
    "softwareInterrupts": 0,
    "steal": 0,
    "sys": 5.875,
    "usr": 2.8791666666666664,
  },
  "cores": Array [
    Object {
      "core": 0,
      "hardwareInterrupts": 0,
      "idle": 94.4,
      "ioWait": 0,
      "nice": 0,
      "softwareInterrupts": 0,
      "steal": 0,
      "sys": 5.6,
      "usr": 0,
    },
    Object {
      "core": 1,
      "hardwareInterrupts": 0,
      "idle": 85,
      "ioWait": 10,
      "nice": 0,
      "softwareInterrupts": 0,
      "steal": 0,
      "sys": 5,
      "usr": 0,
    },
    Object {
      "core": 2,
      "hardwareInterrupts": 0,
      "idle": 84.2,
      "ioWait": 5.3,
      "nice": 0,
      "softwareInterrupts": 0,
      "steal": 0,
      "sys": 10.5,
      "usr": 0,
    },
    Object {
      "core": 3,
      "hardwareInterrupts": 0,
      "idle": 60,
      "ioWait": 30,
      "nice": 0,
      "softwareInterrupts": 0,
      "steal": 0,
      "sys": 10,
      "usr": 0,
    },
    Object {
      "core": 4,
      "hardwareInterrupts": 0,
      "idle": 70,
      "ioWait": 15,
      "nice": 0,
      "softwareInterrupts": 0,
      "steal": 0,
      "sys": 10,
      "usr": 5,
    },
    Object {
      "core": 5,
      "hardwareInterrupts": 0,
      "idle": 23.8,
      "ioWait": 52.4,
      "nice": 0,
      "softwareInterrupts": 0,
      "steal": 0,
      "sys": 4.8,
      "usr": 19,
    },
    Object {
      "core": 6,
      "hardwareInterrupts": 0,
      "idle": 0,
      "ioWait": 78.9,
      "nice": 0,
      "softwareInterrupts": 0,
      "steal": 0,
      "sys": 15.8,
      "usr": 5.3,
    },
    Object {
      "core": 7,
      "hardwareInterrupts": 0,
      "idle": 81,
      "ioWait": 14.3,
      "nice": 0,
      "softwareInterrupts": 0,
      "steal": 0,
      "sys": 0,
      "usr": 4.8,
    },
    Object {
      "core": 8,
      "hardwareInterrupts": 0,
      "idle": 55,
      "ioWait": 35,
      "nice": 0,
      "softwareInterrupts": 0,
      "steal": 0,
      "sys": 0,
      "usr": 10,
    },
    Object {
      "core": 9,
      "hardwareInterrupts": 0,
      "idle": 68.4,
      "ioWait": 26.3,
      "nice": 0,
      "softwareInterrupts": 0,
      "steal": 0,
      "sys": 0,
      "usr": 5.3,
    },
    Object {
      "core": 10,
      "hardwareInterrupts": 0,
      "idle": 0,
      "ioWait": 94.7,
      "nice": 0,
      "softwareInterrupts": 0,
      "steal": 0,
      "sys": 5.3,
      "usr": 0,
    },
    Object {
      "core": 11,
      "hardwareInterrupts": 0,
      "idle": 81,
      "ioWait": 9.5,
      "nice": 4.8,
      "softwareInterrupts": 0,
      "steal": 0,
      "sys": 4.8,
      "usr": 0,
    },
    Object {
      "core": 12,
      "hardwareInterrupts": 0,
      "idle": 65,
      "ioWait": 25,
      "nice": 0,
      "softwareInterrupts": 0,
      "steal": 0,
      "sys": 10,
      "usr": 0,
    },
    Object {
      "core": 13,
      "hardwareInterrupts": 0,
      "idle": 77.8,
      "ioWait": 22.2,
      "nice": 0,
      "softwareInterrupts": 0,
      "steal": 0,
      "sys": 0,
      "usr": 0,
    },
    Object {
      "core": 14,
      "hardwareInterrupts": 0,
      "idle": 89.5,
      "ioWait": 0,
      "nice": 0,
      "softwareInterrupts": 0,
      "steal": 0,
      "sys": 5.3,
      "usr": 5.3,
    },
    Object {
      "core": 15,
      "hardwareInterrupts": 0,
      "idle": 0,
      "ioWait": 85.7,
      "nice": 0,
      "softwareInterrupts": 0,
      "steal": 0,
      "sys": 9.5,
      "usr": 4.8,
    },
    Object {
      "core": 16,
      "hardwareInterrupts": 0,
      "idle": 76.2,
      "ioWait": 4.8,
      "nice": 9.5,
      "softwareInterrupts": 0,
      "steal": 0,
      "sys": 4.8,
      "usr": 4.8,
    },
    Object {
      "core": 17,
      "hardwareInterrupts": 0,
      "idle": 80,
      "ioWait": 5,
      "nice": 15,
      "softwareInterrupts": 0,
      "steal": 0,
      "sys": 0,
      "usr": 0,
    },
    Object {
      "core": 18,
      "hardwareInterrupts": 0,
      "idle": 0,
      "ioWait": 85,
      "nice": 0,
      "softwareInterrupts": 0,
      "steal": 0,
      "sys": 15,
      "usr": 0,
    },
    Object {
      "core": 19,
      "hardwareInterrupts": 0,
      "idle": 66.7,
      "ioWait": 0,
      "nice": 28.6,
      "softwareInterrupts": 0,
      "steal": 0,
      "sys": 4.8,
      "usr": 0,
    },
    Object {
      "core": 20,
      "hardwareInterrupts": 0,
      "idle": 65,
      "ioWait": 25,
      "nice": 0,
      "softwareInterrupts": 0,
      "steal": 0,
      "sys": 10,
      "usr": 0,
    },
    Object {
      "core": 21,
      "hardwareInterrupts": 0,
      "idle": 0,
      "ioWait": 95,
      "nice": 0,
      "softwareInterrupts": 0,
      "steal": 0,
      "sys": 5,
      "usr": 0,
    },
    Object {
      "core": 22,
      "hardwareInterrupts": 0,
      "idle": 38.1,
      "ioWait": 23.8,
      "nice": 28.6,
      "softwareInterrupts": 0,
      "steal": 0,
      "sys": 4.8,
      "usr": 4.8,
    },
    Object {
      "core": 23,
      "hardwareInterrupts": 0,
      "idle": 90.5,
      "ioWait": 0,
      "nice": 9.5,
      "softwareInterrupts": 0,
      "steal": 0,
      "sys": 0,
      "usr": 0,
    },
  ],
  "raw": Array [
    "%Cpu0  :  0.0 us,  5.6 sy,  0.0 ni, 94.4 id,  0.0 wa,  0.0 hi,  0.0 si,  0.0 st|%Cpu1  :  0.0 us,  5.0 sy,  0.0 ni, 85.0 id, 10.0 wa,  0.0 hi,  0.0 si,  0.0 st|%Cpu2  :  0.0 us, 10.5 sy,  0.0 ni, 84.2 id,  5.3 wa,  0.0 hi,  0.0 si,  0.0 st|%Cpu3  :  0.0 us, 10.0 sy,  0.0 ni, 60.0 id, 30.0 wa,  0.0 hi,  0.0 si,  0.0 st|%Cpu4  :  5.0 us, 10.0 sy,  0.0 ni, 70.0 id, 15.0 wa,  0.0 hi,  0.0 si,  0.0 st|%Cpu5  : 19.0 us,  4.8 sy,  0.0 ni, 23.8 id, 52.4 wa,  0.0 hi,  0.0 si,  0.0 st|%Cpu6  :  5.3 us, 15.8 sy,  0.0 ni,  0.0 id, 78.9 wa,  0.0 hi,  0.0 si,  0.0 st|%Cpu7  :  4.8 us,  0.0 sy,  0.0 ni, 81.0 id, 14.3 wa,  0.0 hi,  0.0 si,  0.0 st|%Cpu8  : 10.0 us,  0.0 sy,  0.0 ni, 55.0 id, 35.0 wa,  0.0 hi,  0.0 si,  0.0 st|%Cpu9  :  5.3 us,  0.0 sy,  0.0 ni, 68.4 id, 26.3 wa,  0.0 hi,  0.0 si,  0.0 st|%Cpu10 :  0.0 us,  5.3 sy,  0.0 ni,  0.0 id, 94.7 wa,  0.0 hi,  0.0 si,  0.0 st|%Cpu11 :  0.0 us,  4.8 sy,  4.8 ni, 81.0 id,  9.5 wa,  0.0 hi,  0.0 si,  0.0 st|%Cpu12 :  0.0 us, 10.0 sy,  0.0 ni, 65.0 id, 25.0 wa,  0.0 hi,  0.0 si,  0.0 st|%Cpu13 :  0.0 us,  0.0 sy,  0.0 ni, 77.8 id, 22.2 wa,  0.0 hi,  0.0 si,  0.0 st|%Cpu14 :  5.3 us,  5.3 sy,  0.0 ni, 89.5 id,  0.0 wa,  0.0 hi,  0.0 si,  0.0 st|%Cpu15 :  4.8 us,  9.5 sy,  0.0 ni,  0.0 id, 85.7 wa,  0.0 hi,  0.0 si,  0.0 st|%Cpu16 :  4.8 us,  4.8 sy,  9.5 ni, 76.2 id,  4.8 wa,  0.0 hi,  0.0 si,  0.0 st|%Cpu17 :  0.0 us,  0.0 sy, 15.0 ni, 80.0 id,  5.0 wa,  0.0 hi,  0.0 si,  0.0 st|%Cpu18 :  0.0 us, 15.0 sy,  0.0 ni,  0.0 id, 85.0 wa,  0.0 hi,  0.0 si,  0.0 st|%Cpu19 :  0.0 us,  4.8 sy, 28.6 ni, 66.7 id,  0.0 wa,  0.0 hi,  0.0 si,  0.0 st|%Cpu20 :  0.0 us, 10.0 sy,  0.0 ni, 65.0 id, 25.0 wa,  0.0 hi,  0.0 si,  0.0 st|%Cpu21 :  0.0 us,  5.0 sy,  0.0 ni,  0.0 id, 95.0 wa,  0.0 hi,  0.0 si,  0.0 st|%Cpu22 :  4.8 us,  4.8 sy, 28.6 ni, 38.1 id, 23.8 wa,  0.0 hi,  0.0 si,  0.0 st|%Cpu23 :  0.0 us,  0.0 sy,  9.5 ni, 90.5 id,  0.0 wa,  0.0 hi,  0.0 si,  0.0 st|",
  ],
}
`;
