// Jest Snapshot v1, https://goo.gl/fbAQLP

exports[`system - date parsed 1`] = `Date { NaN }`;

exports[`system - date raw 1`] = `"Sat Dec 18 02:17:50 CET 2021"`;
